
Merging program properties


As-needed library included to satisfy reference by file (symbol)

libc.so.6                     build/d_iwad.o (__printf_chk@@GLIBC_2.3.4)
libX11.so.6                   build/doomgeneric_xlib.o (XSetForeground)

Discarded input sections

 .rodata.cst4   0x0000000000000000        0x4 /usr/lib/gcc/x86_64-linux-gnu/11/../../../x86_64-linux-gnu/Scrt1.o
 .data          0x0000000000000000        0x4 /usr/lib/gcc/x86_64-linux-gnu/11/../../../x86_64-linux-gnu/Scrt1.o
 .bss           0x0000000000000000        0x0 /usr/lib/gcc/x86_64-linux-gnu/11/../../../x86_64-linux-gnu/Scrt1.o
 .note.GNU-stack
                0x0000000000000000        0x0 /usr/lib/gcc/x86_64-linux-gnu/11/../../../x86_64-linux-gnu/Scrt1.o
 .text          0x0000000000000000        0x0 /usr/lib/gcc/x86_64-linux-gnu/11/../../../x86_64-linux-gnu/crti.o
 .data          0x0000000000000000        0x0 /usr/lib/gcc/x86_64-linux-gnu/11/../../../x86_64-linux-gnu/crti.o
 .bss           0x0000000000000000        0x0 /usr/lib/gcc/x86_64-linux-gnu/11/../../../x86_64-linux-gnu/crti.o
 .note.gnu.property
                0x0000000000000000       0x20 /usr/lib/gcc/x86_64-linux-gnu/11/../../../x86_64-linux-gnu/crti.o
 .note.GNU-stack
                0x0000000000000000        0x0 /usr/lib/gcc/x86_64-linux-gnu/11/../../../x86_64-linux-gnu/crti.o
 .data          0x0000000000000000        0x0 /usr/lib/gcc/x86_64-linux-gnu/11/crtbeginS.o
 .note.GNU-stack
                0x0000000000000000        0x0 /usr/lib/gcc/x86_64-linux-gnu/11/crtbeginS.o
 .note.gnu.property
                0x0000000000000000       0x20 /usr/lib/gcc/x86_64-linux-gnu/11/crtbeginS.o
 .group         0x0000000000000000        0xc build/dummy.o
 .group         0x0000000000000000        0xc build/dummy.o
 .group         0x0000000000000000        0xc build/dummy.o
 .group         0x0000000000000000        0xc build/dummy.o
 .group         0x0000000000000000        0xc build/dummy.o
 .group         0x0000000000000000        0xc build/dummy.o
 .group         0x0000000000000000        0xc build/dummy.o
 .group         0x0000000000000000        0xc build/dummy.o
 .group         0x0000000000000000        0xc build/dummy.o
 .group         0x0000000000000000        0xc build/dummy.o
 .group         0x0000000000000000        0xc build/dummy.o
 .group         0x0000000000000000        0xc build/dummy.o
 .group         0x0000000000000000        0xc build/dummy.o
 .group         0x0000000000000000        0xc build/dummy.o
 .group         0x0000000000000000        0xc build/dummy.o
 .group         0x0000000000000000        0xc build/dummy.o
 .group         0x0000000000000000        0xc build/dummy.o
 .group         0x0000000000000000        0xc build/dummy.o
 .group         0x0000000000000000        0xc build/dummy.o
 .group         0x0000000000000000        0xc build/dummy.o
 .group         0x0000000000000000        0xc build/dummy.o
 .group         0x0000000000000000        0xc build/dummy.o
 .group         0x0000000000000000        0xc build/dummy.o
 .group         0x0000000000000000        0xc build/dummy.o
 .group         0x0000000000000000        0xc build/dummy.o
 .group         0x0000000000000000        0xc build/dummy.o
 .group         0x0000000000000000        0xc build/dummy.o
 .text          0x0000000000000000        0x5 build/dummy.o
 .data          0x0000000000000000        0x0 build/dummy.o
 .note.GNU-stack
                0x0000000000000000        0x0 build/dummy.o
 .note.gnu.property
                0x0000000000000000       0x20 build/dummy.o
 .group         0x0000000000000000        0xc build/am_map.o
 .group         0x0000000000000000        0xc build/am_map.o
 .group         0x0000000000000000        0xc build/am_map.o
 .group         0x0000000000000000        0xc build/am_map.o
 .group         0x0000000000000000        0xc build/am_map.o
 .group         0x0000000000000000        0xc build/am_map.o
 .group         0x0000000000000000        0xc build/am_map.o
 .group         0x0000000000000000        0xc build/am_map.o
 .group         0x0000000000000000        0xc build/am_map.o
 .group         0x0000000000000000        0xc build/am_map.o
 .group         0x0000000000000000        0xc build/am_map.o
 .group         0x0000000000000000        0xc build/am_map.o
 .group         0x0000000000000000        0xc build/am_map.o
 .group         0x0000000000000000        0xc build/am_map.o
 .group         0x0000000000000000        0xc build/am_map.o
 .group         0x0000000000000000        0xc build/am_map.o
 .group         0x0000000000000000        0xc build/am_map.o
 .group         0x0000000000000000        0xc build/am_map.o
 .group         0x0000000000000000        0xc build/am_map.o
 .group         0x0000000000000000        0xc build/am_map.o
 .group         0x0000000000000000        0xc build/am_map.o
 .group         0x0000000000000000        0xc build/am_map.o
 .group         0x0000000000000000        0xc build/am_map.o
[...]
Memory Configuration

Name             Origin             Length             Attributes
*default*        0x0000000000000000 0xffffffffffffffff

Linker script and memory map

LOAD /usr/lib/gcc/x86_64-linux-gnu/11/../../../x86_64-linux-gnu/Scrt1.o
LOAD /usr/lib/gcc/x86_64-linux-gnu/11/../../../x86_64-linux-gnu/crti.o
LOAD /usr/lib/gcc/x86_64-linux-gnu/11/crtbeginS.o
LOAD build/dummy.o
LOAD build/am_map.o
LOAD build/doomdef.o
LOAD build/doomstat.o
LOAD build/dstrings.o
LOAD build/d_event.o
LOAD build/d_items.o
LOAD build/d_iwad.o
LOAD build/d_loop.o
LOAD build/d_main.o
LOAD build/d_mode.o
LOAD build/d_net.o
LOAD build/f_finale.o
LOAD build/f_wipe.o
LOAD build/g_game.o
LOAD build/hu_lib.o
LOAD build/hu_stuff.o
LOAD build/info.o
LOAD build/i_cdmus.o
LOAD build/i_endoom.o
LOAD build/i_joystick.o
LOAD build/i_scale.o
LOAD build/i_sound.o
LOAD build/i_system.o
LOAD build/i_timer.o
LOAD build/memio.o
LOAD build/m_argv.o
LOAD build/m_bbox.o
LOAD build/m_cheat.o
LOAD build/m_config.o
LOAD build/m_controls.o
LOAD build/m_fixed.o
LOAD build/m_menu.o
LOAD build/m_misc.o
LOAD build/m_random.o
LOAD build/p_ceilng.o
LOAD build/p_doors.o
LOAD build/p_enemy.o
LOAD build/p_floor.o
LOAD build/p_inter.o
LOAD build/p_lights.o
LOAD build/p_map.o
LOAD build/p_maputl.o
LOAD build/p_mobj.o
LOAD build/p_plats.o
LOAD build/p_pspr.o
LOAD build/p_saveg.o
LOAD build/p_setup.o
LOAD build/p_sight.o
LOAD build/p_spec.o
LOAD build/p_switch.o
LOAD build/p_telept.o
LOAD build/p_tick.o
LOAD build/p_user.o
LOAD build/r_bsp.o
LOAD build/r_data.o
LOAD build/r_draw.o
LOAD build/r_main.o
LOAD build/r_plane.o
LOAD build/r_segs.o
LOAD build/r_sky.o
LOAD build/r_things.o
LOAD build/sha1.o
LOAD build/sounds.o
LOAD build/statdump.o
LOAD build/st_lib.o
LOAD build/st_stuff.o
LOAD build/s_sound.o
LOAD build/tables.o
LOAD build/v_video.o
LOAD build/wi_stuff.o
LOAD build/w_checksum.o
LOAD build/w_file.o
LOAD build/w_main.o
LOAD build/w_wad.o
LOAD build/z_zone.o
LOAD build/w_file_stdc.o
LOAD build/i_input.o
LOAD build/i_video.o
LOAD build/doomgeneric.o
LOAD build/doomgeneric_xlib.o
LOAD /usr/lib/gcc/x86_64-linux-gnu/11/../../../x86_64-linux-gnu/libm.so
START GROUP
LOAD /lib/x86_64-linux-gnu/libm.so.6
LOAD /lib/x86_64-linux-gnu/libmvec.so.1
END GROUP
LOAD /usr/lib/gcc/x86_64-linux-gnu/11/../../../x86_64-linux-gnu/libc.so
START GROUP
LOAD /lib/x86_64-linux-gnu/libc.so.6
LOAD /usr/lib/x86_64-linux-gnu/libc_nonshared.a
LOAD /lib64/ld-linux-x86-64.so.2
END GROUP
LOAD /usr/lib/gcc/x86_64-linux-gnu/11/../../../x86_64-linux-gnu/libX11.so
LOAD /usr/lib/gcc/x86_64-linux-gnu/11/libgcc.a
LOAD /usr/lib/gcc/x86_64-linux-gnu/11/libgcc_s.so
START GROUP
LOAD /usr/lib/gcc/x86_64-linux-gnu/11/../../../x86_64-linux-gnu/libgcc_s.so.1
LOAD /usr/lib/gcc/x86_64-linux-gnu/11/libgcc.a
END GROUP
LOAD /usr/lib/gcc/x86_64-linux-gnu/11/../../../x86_64-linux-gnu/libc.so
START GROUP
LOAD /lib/x86_64-linux-gnu/libc.so.6
LOAD /usr/lib/x86_64-linux-gnu/libc_nonshared.a
LOAD /lib64/ld-linux-x86-64.so.2
END GROUP
LOAD /usr/lib/gcc/x86_64-linux-gnu/11/libgcc.a
LOAD /usr/lib/gcc/x86_64-linux-gnu/11/libgcc_s.so
START GROUP
LOAD /usr/lib/gcc/x86_64-linux-gnu/11/../../../x86_64-linux-gnu/libgcc_s.so.1
LOAD /usr/lib/gcc/x86_64-linux-gnu/11/libgcc.a
END GROUP
LOAD /usr/lib/gcc/x86_64-linux-gnu/11/crtendS.o
LOAD /usr/lib/gcc/x86_64-linux-gnu/11/../../../x86_64-linux-gnu/crtn.o
                [!provide]                        PROVIDE (__executable_start = SEGMENT_START ("text-segment", 0x0))
                0x0000000000000318                . = (SEGMENT_START ("text-segment", 0x0) + SIZEOF_HEADERS)

.interp         0x0000000000000318       0x1c
 *(.interp)
 .interp        0x0000000000000318       0x1c /usr/lib/gcc/x86_64-linux-gnu/11/../../../x86_64-linux-gnu/Scrt1.o

.note.gnu.property
                0x0000000000000338       0x30
 .note.gnu.property
                0x0000000000000338       0x30 /usr/lib/gcc/x86_64-linux-gnu/11/../../../x86_64-linux-gnu/Scrt1.o

.note.gnu.build-id
                0x0000000000000368       0x24
 *(.note.gnu.build-id)
 .note.gnu.build-id
                0x0000000000000368       0x24 /usr/lib/gcc/x86_64-linux-gnu/11/../../../x86_64-linux-gnu/Scrt1.o

.note.ABI-tag   0x000000000000038c       0x20
 .note.ABI-tag  0x000000000000038c       0x20 /usr/lib/gcc/x86_64-linux-gnu/11/../../../x86_64-linux-gnu/Scrt1.o

.hash
 *(.hash)

.gnu.hash       0x00000000000003b0       0x28
 *(.gnu.hash)
 .gnu.hash      0x00000000000003b0       0x28 /usr/lib/gcc/x86_64-linux-gnu/11/../../../x86_64-linux-gnu/Scrt1.o

.dynsym         0x00000000000003d8      0x618
 *(.dynsym)
 .dynsym        0x00000000000003d8      0x618 /usr/lib/gcc/x86_64-linux-gnu/11/../../../x86_64-linux-gnu/Scrt1.o

.dynstr         0x00000000000009f0      0x30b
 *(.dynstr)
 .dynstr        0x00000000000009f0      0x30b /usr/lib/gcc/x86_64-linux-gnu/11/../../../x86_64-linux-gnu/Scrt1.o

.gnu.version    0x0000000000000cfc       0x82
 *(.gnu.version)
 .gnu.version   0x0000000000000cfc       0x82 /usr/lib/gcc/x86_64-linux-gnu/11/../../../x86_64-linux-gnu/Scrt1.o

.gnu.version_d  0x0000000000000d80        0x0
 *(.gnu.version_d)
 .gnu.version_d
                0x0000000000000d80        0x0 /usr/lib/gcc/x86_64-linux-gnu/11/../../../x86_64-linux-gnu/Scrt1.o

.gnu.version_r  0x0000000000000d80       0x70
 *(.gnu.version_r)
 .gnu.version_r
                0x0000000000000d80       0x70 /usr/lib/gcc/x86_64-linux-gnu/11/../../../x86_64-linux-gnu/Scrt1.o

.rela.dyn       0x0000000000000df0     0x75f0
 *(.rela.init)
 *(.rela.text .rela.text.* .rela.gnu.linkonce.t.*)
 .rela.text     0x0000000000000df0        0x0 /usr/lib/gcc/x86_64-linux-gnu/11/../../../x86_64-linux-gnu/Scrt1.o
 *(.rela.fini)
 *(.rela.rodata .rela.rodata.* .rela.gnu.linkonce.r.*)
 *(.rela.data .rela.data.* .rela.gnu.linkonce.d.*)
 .rela.data.rel.ro
                0x0000000000000df0      0x1b0 /usr/lib/gcc/x86_64-linux-gnu/11/../../../x86_64-linux-gnu/Scrt1.o
 .rela.data.rel.local
                0x0000000000000fa0     0x4248 /usr/lib/gcc/x86_64-linux-gnu/11/../../../x86_64-linux-gnu/Scrt1.o
 .rela.data.rel.ro.local
                0x00000000000051e8      0x630 /usr/lib/gcc/x86_64-linux-gnu/11/../../../x86_64-linux-gnu/Scrt1.o
 .rela.data.rel
                0x0000000000005818     0x2a60 /usr/lib/gcc/x86_64-linux-gnu/11/../../../x86_64-linux-gnu/Scrt1.o
 *(.rela.tdata .rela.tdata.* .rela.gnu.linkonce.td.*)
 *(.rela.tbss .rela.tbss.* .rela.gnu.linkonce.tb.*)
 *(.rela.ctors)
 *(.rela.dtors)
 *(.rela.got)
 .rela.got      0x0000000000008278      0x120 /usr/lib/gcc/x86_64-linux-gnu/11/../../../x86_64-linux-gnu/Scrt1.o
 *(.rela.bss .rela.bss.* .rela.gnu.linkonce.b.*)
 .rela.bss      0x0000000000008398       0x18 /usr/lib/gcc/x86_64-linux-gnu/11/../../../x86_64-linux-gnu/Scrt1.o
 *(.rela.ldata .rela.ldata.* .rela.gnu.linkonce.l.*)
 *(.rela.lbss .rela.lbss.* .rela.gnu.linkonce.lb.*)
 *(.rela.lrodata .rela.lrodata.* .rela.gnu.linkonce.lr.*)
 *(.rela.ifunc)
 .rela.ifunc    0x00000000000083b0        0x0 /usr/lib/gcc/x86_64-linux-gnu/11/../../../x86_64-linux-gnu/Scrt1.o
 .rela.fini_array
                0x00000000000083b0       0x18 /usr/lib/gcc/x86_64-linux-gnu/11/../../../x86_64-linux-gnu/Scrt1.o
 .rela.init_array
                0x00000000000083c8       0x18 /usr/lib/gcc/x86_64-linux-gnu/11/../../../x86_64-linux-gnu/Scrt1.o

.rela.plt       0x00000000000083e0      0x570
 *(.rela.plt)
 .rela.plt      0x00000000000083e0      0x570 /usr/lib/gcc/x86_64-linux-gnu/11/../../../x86_64-linux-gnu/Scrt1.o
 *(.rela.iplt)

.relr.dyn
 *(.relr.dyn)
                0x0000000000009000                . = ALIGN (CONSTANT (MAXPAGESIZE))

.init           0x0000000000009000       0x1b
 *(SORT_NONE(.init))
 .init          0x0000000000009000       0x16 /usr/lib/gcc/x86_64-linux-gnu/11/../../../x86_64-linux-gnu/crti.o
                0x0000000000009000                _init
 .init          0x0000000000009016        0x5 /usr/lib/gcc/x86_64-linux-gnu/11/../../../x86_64-linux-gnu/crtn.o

.plt            0x0000000000009020      0x3b0
 *(.plt)
 .plt           0x0000000000009020      0x3b0 /usr/lib/gcc/x86_64-linux-gnu/11/../../../x86_64-linux-gnu/Scrt1.o
 *(.iplt)

.plt.got        0x00000000000093d0       0x10
 *(.plt.got)
 .plt.got       0x00000000000093d0       0x10 /usr/lib/gcc/x86_64-linux-gnu/11/../../../x86_64-linux-gnu/Scrt1.o
                0x00000000000093d0                __cxa_finalize@@GLIBC_2.2.5

.plt.sec        0x00000000000093e0      0x3a0
 *(.plt.sec)
 .plt.sec       0x00000000000093e0      0x3a0 /usr/lib/gcc/x86_64-linux-gnu/11/../../../x86_64-linux-gnu/Scrt1.o
                0x00000000000093e0                __ctype_toupper_loc@@GLIBC_2.3
                0x00000000000093f0                __snprintf_chk@@GLIBC_2.3.4
                0x0000000000009400                free@@GLIBC_2.2.5
                0x0000000000009410                putchar@@GLIBC_2.2.5
                0x0000000000009420                strcasecmp@@GLIBC_2.2.5
                0x0000000000009430                __vfprintf_chk@@GLIBC_2.3.4
                0x0000000000009440                __errno_location@@GLIBC_2.2.5
                0x0000000000009450                strncpy@@GLIBC_2.2.5
                0x0000000000009460                remove@@GLIBC_2.2.5
                0x0000000000009470                strncmp@@GLIBC_2.2.5
                0x0000000000009480                mkdir@@GLIBC_2.2.5
                0x0000000000009490                toupper@@GLIBC_2.2.5
                0x00000000000094a0                puts@@GLIBC_2.2.5
                0x00000000000094b0                fread@@GLIBC_2.2.5
                0x00000000000094c0                atof@@GLIBC_2.2.5
                0x00000000000094d0                XPending
                0x00000000000094e0                fclose@@GLIBC_2.2.5
                0x00000000000094f0                strlen@@GLIBC_2.2.5
                0x0000000000009500                __stack_chk_fail@@GLIBC_2.4
                0x0000000000009510                XkbSetDetectableAutoRepeat
                0x0000000000009520                system@@GLIBC_2.2.5
                0x0000000000009530                strchr@@GLIBC_2.2.5
                0x0000000000009540                strrchr@@GLIBC_2.2.5
                0x0000000000009550                gettimeofday@@GLIBC_2.2.5
                0x0000000000009560                fputs@@GLIBC_2.2.5
                0x0000000000009570                calloc@@GLIBC_2.2.5
                0x0000000000009580                strcmp@@GLIBC_2.2.5
                0x0000000000009590                XOpenDisplay
                0x00000000000095a0                ftell@@GLIBC_2.2.5
                0x00000000000095b0                tolower@@GLIBC_2.2.5
                0x00000000000095c0                XNextEvent
                0x00000000000095d0                malloc@@GLIBC_2.2.5
                0x00000000000095e0                strncasecmp@@GLIBC_2.2.5
                0x00000000000095f0                fflush@@GLIBC_2.2.5
                0x0000000000009600                __isoc99_sscanf@@GLIBC_2.7
                0x0000000000009610                XChangeProperty
                0x0000000000009620                fseek@@GLIBC_2.2.5
                0x0000000000009630                XSelectInput
                0x0000000000009640                __vsnprintf_chk@@GLIBC_2.3.4
                0x0000000000009650                realloc@@GLIBC_2.2.5
                0x0000000000009660                XCreateGC
                0x0000000000009670                __printf_chk@@GLIBC_2.3.4
                0x0000000000009680                XCreateSimpleWindow
                0x0000000000009690                memmove@@GLIBC_2.2.5
                0x00000000000096a0                XKeycodeToKeysym
                0x00000000000096b0                XSetForeground
                0x00000000000096c0                fopen@@GLIBC_2.2.5
                0x00000000000096d0                XPutImage
                0x00000000000096e0                rename@@GLIBC_2.2.5
                0x00000000000096f0                XMapWindow
                0x0000000000009700                atoi@@GLIBC_2.2.5
                0x0000000000009710                exit@@GLIBC_2.2.5
                0x0000000000009720                fwrite@@GLIBC_2.2.5
                0x0000000000009730                __fprintf_chk@@GLIBC_2.3.4
                0x0000000000009740                strdup@@GLIBC_2.2.5
                0x0000000000009750                XCreateImage
                0x0000000000009760                strstr@@GLIBC_2.2.5
                0x0000000000009770                usleep@@GLIBC_2.2.5

.text           0x0000000000009780    0x24b82
 *(.text.unlikely .text.*_unlikely .text.unlikely.*)
 *(.text.exit .text.exit.*)
 *(.text.startup .text.startup.*)
 .text.startup  0x0000000000009780       0x15 build/doomgeneric_xlib.o
                0x0000000000009780                main
 *(.text.hot .text.hot.*)
 *(SORT_BY_NAME(.text.sorted.*))
 *(.text .stub .text.* .gnu.linkonce.t.*)
 *fill*         0x0000000000009795        0xb 
 .text          0x00000000000097a0       0x26 /usr/lib/gcc/x86_64-linux-gnu/11/../../../x86_64-linux-gnu/Scrt1.o
                0x00000000000097a0                _start
 *fill*         0x00000000000097c6        0xa 
 .text          0x00000000000097d0       0xb9 /usr/lib/gcc/x86_64-linux-gnu/11/crtbeginS.o
 .text          0x0000000000009889     0x17a5 build/am_map.o
                0x0000000000009889                AM_getIslope
                0x00000000000098ec                AM_activateNewScale
                0x000000000000998c                AM_saveScaleAndLoc
                0x00000000000099c1                AM_restoreScaleAndLoc
                0x0000000000009a6a                AM_addMark
                0x0000000000009abb                AM_findMinMaxBoundaries
                0x0000000000009bed                AM_changeWindowLoc
                0x0000000000009caa                AM_initVariables
                0x0000000000009df3                AM_loadPics
                0x0000000000009e78                AM_unloadPics
                0x0000000000009ee7                AM_clearMarks
                0x0000000000009f10                AM_LevelInit
                0x0000000000009f89                AM_Stop
                0x0000000000009fb5                AM_Start
                0x000000000000a016                AM_minOutWindowScale
                0x000000000000a03d                AM_maxOutWindowScale
                0x000000000000a064                AM_Responder
                0x000000000000a3cd                AM_changeWindowScale
                0x000000000000a423                AM_doFollowPlayer
                0x000000000000a501                AM_updateLightLev
                0x000000000000a556                AM_Ticker
                0x000000000000a5a0                AM_clearFB
                0x000000000000a5c0                AM_clipMline
                0x000000000000a878                AM_drawFline
                0x000000000000a994                AM_drawMline
                0x000000000000a9c4                AM_drawGrid
                0x000000000000aacc                AM_drawWalls
                0x000000000000abc2                AM_rotate
                0x000000000000ac42                AM_drawLineCharacter
                0x000000000000ad72                AM_drawPlayers
                0x000000000000ae60                AM_drawThings
                0x000000000000aed4                AM_drawMarks
                0x000000000000af8d                AM_drawCrosshair
                0x000000000000afb6                AM_Drawer
 .text          0x000000000000b02e       0x73 build/d_event.o
                0x000000000000b02e                D_PostEvent
                0x000000000000b067                D_PopEvent
 .text          0x000000000000b0a1      0x428 build/d_iwad.o
                0x000000000000b117                D_FindWADByName
                0x000000000000b1c4                D_TryFindWADByName
                0x000000000000b1da                D_FindIWAD
                0x000000000000b3b1                D_FindAllIWADs
                0x000000000000b420                D_SaveGameIWADName
                0x000000000000b453                D_SuggestIWADName
                0x000000000000b48b                D_SuggestGameName
 .text          0x000000000000b4c9      0x5ac build/d_loop.o
                0x000000000000b4c9                D_QuitNetGame
                0x000000000000b644                NetUpdate
                0x000000000000b6a8                D_ReceiveTic
                0x000000000000b74c                D_StartGameLoop
                0x000000000000b765                D_StartNetGame
                0x000000000000b7a3                D_InitNetGame
                0x000000000000b7c9                TryRunTics
                0x000000000000ba69                D_RegisterLoopCallbacks
 .text          0x000000000000ba75     0x1584 build/d_main.o
                0x000000000000ba75                D_GrabMouseCallback
                0x000000000000bb00                D_ProcessEvents
                0x000000000000bb34                D_BindVariables
                0x000000000000bcc3                D_PageTicker
                0x000000000000bcda                D_PageDrawer
                0x000000000000bcfd                D_Display
                0x000000000000c054                doomgeneric_Tick
                0x000000000000c092                D_DoomLoop
                0x000000000000c133                D_AdvanceDemo
                0x000000000000c142                D_DoAdvanceDemo
                0x000000000000c2ea                D_StartTitle
                0x000000000000c30d                D_IdentifyVersion
                0x000000000000c4e8                D_SetGameDescription
                0x000000000000c5a2                PrintDehackedBanners
                0x000000000000c5a7                PrintGameVersion
                0x000000000000c5dd                D_DoomMain
 .text          0x000000000000cff9      0x184 build/d_mode.o
                0x000000000000cff9                D_ValidGameMode
                0x000000000000d026                D_ValidEpisodeMap
                0x000000000000d0a2                D_GetNumEpisodes
                0x000000000000d0c1                D_ValidGameVersion
                0x000000000000d0f9                D_IsEpisodeMap
                0x000000000000d112                D_GameMissionString
 .text          0x000000000000d17d      0x44a build/d_net.o
                0x000000000000d254                D_ConnectNetGame
                0x000000000000d367                D_CheckNetGame
 .text          0x000000000000d5c7      0xb9a build/f_finale.o
                0x000000000000d5c7                F_StartFinale
                0x000000000000d6c4                F_TextWrite
                0x000000000000d7cd                F_StartCast
                0x000000000000d85a                F_CastTicker
                0x000000000000dc1d                F_Ticker
                0x000000000000dcee                F_CastResponder
                0x000000000000dd87                F_Responder
                0x000000000000dd9c                F_CastPrint
                0x000000000000de49                F_CastDrawer
                0x000000000000dede                F_DrawPatchCol
                0x000000000000df39                F_BunnyScroll
                0x000000000000e0dd                F_Drawer
 .text          0x000000000000e161      0x46a build/f_wipe.o
                0x000000000000e161                wipe_doColorXForm
                0x000000000000e1c5                wipe_exitColorXForm
                0x000000000000e1cc                wipe_doMelt
                0x000000000000e2fd                wipe_exitMelt
                0x000000000000e32a                wipe_initColorXForm
                0x000000000000e347                wipe_shittyColMajorXform
                0x000000000000e3cf                wipe_initMelt
                0x000000000000e4a3                wipe_StartScreen
                0x000000000000e4cc                wipe_EndScreen
                0x000000000000e529                wipe_ScreenWipe
 .text          0x000000000000e5cb     0x2507 build/g_game.o
                0x000000000000e5cb                G_CmdChecksum
                0x000000000000e5d8                G_BuildTiccmd
                0x000000000000ec89                G_DoLoadLevel
                0x000000000000ee46                G_Responder
                0x000000000000f14e                G_PlayerFinishLevel
                0x000000000000f1aa                G_PlayerReborn
                0x000000000000f246                G_InitPlayer
                0x000000000000f24f                G_CheckSpot
                0x000000000000f463                G_DeathMatchSpawnPlayer
                0x000000000000f500                G_DoReborn
                0x000000000000f5d9                G_ScreenShot
                0x000000000000f5e8                G_ExitLevel
                0x000000000000f601                G_SecretExitLevel
                0x000000000000f648                G_DoCompleted
                0x000000000000f916                G_WorldDone
                0x000000000000f982                G_DoWorldDone
                0x000000000000f9ba                G_LoadGame
                0x000000000000f9df                G_SaveGame
                0x000000000000fa07                G_DoSaveGame
                0x000000000000fb66                G_DeferedInitNew
                0x000000000000fb87                G_InitNew
                0x000000000000fdc9                G_DoLoadGame
                0x000000000000fe89                G_DoNewGame
                0x000000000000ff16                G_RecordDemo
                0x000000000000ffc1                G_VanillaVersionCode
                0x0000000000010004                G_BeginRecording
                0x0000000000010169                G_DeferedPlayDemo
                0x000000000001017f                G_DoPlayDemo
                0x00000000000103f7                G_TimeDemo
                0x0000000000010438                G_CheckDemoStatus
                0x0000000000010596                G_ReadDemoTiccmd
                0x0000000000010623                G_WriteDemoTiccmd
                0x000000000001076c                G_Ticker
 .text          0x0000000000010ad2      0x4ff build/hu_lib.o
                0x0000000000010ad2                HUlib_init
                0x0000000000010ad7                HUlib_clearTextLine
                0x0000000000010aed                HUlib_initTextLine
                0x0000000000010b10                HUlib_addCharToTextLine
                0x0000000000010b44                HUlib_delCharFromTextLine
                0x0000000000010b6f                HUlib_drawTextLine
                0x0000000000010c23                HUlib_eraseTextLine
                0x0000000000010cd2                HUlib_initSText
                0x0000000000010d46                HUlib_addLineToSText
                0x0000000000010d96                HUlib_addMessageToSText
                0x0000000000010df0                HUlib_drawSText
                0x0000000000010e38                HUlib_eraseSText
                0x0000000000010e91                HUlib_initIText
                0x0000000000010ec9                HUlib_delCharFromIText
                0x0000000000010edb                HUlib_eraseLineFromIText
                0x0000000000010eef                HUlib_resetIText
                0x0000000000010f0c                HUlib_addPrefixToIText
                0x0000000000010f2c                HUlib_keyInIText
                0x0000000000010f82                HUlib_drawIText
                0x0000000000010f9a                HUlib_eraseIText
 .text          0x0000000000010fd1      0x7c7 build/hu_stuff.o
                0x0000000000010fd1                HU_Init
                0x000000000001105b                HU_Stop
                0x000000000001106a                HU_Start
                0x0000000000011241                HU_Drawer
                0x0000000000011278                HU_Erase
                0x00000000000112a2                HU_Ticker
                0x000000000001146e                HU_queueChatChar
                0x00000000000114af                HU_dequeueChatChar
                0x00000000000114e1                HU_Responder
 .text          0x0000000000011798        0x5 build/i_endoom.o
                0x0000000000011798                I_Endoom
 .text          0x000000000001179d      0x124 build/i_joystick.o
                0x000000000001179d                I_ShutdownJoystick
                0x00000000000117a2                I_InitJoystick
                0x00000000000117a7                I_UpdateJoystick
                0x00000000000117ac                I_BindJoystickVariables
 .text          0x00000000000118c1      0x245 build/i_sound.o
                0x00000000000118c1                I_InitSound
                0x0000000000011910                I_ShutdownSound
                0x0000000000011924                I_GetSfxLumpNum
                0x000000000001193a                I_UpdateSound
                0x000000000001194e                I_UpdateSoundParams
                0x0000000000011984                I_StartSound
                0x00000000000119c6                I_StopSound
                0x00000000000119da                I_SoundIsPlaying
                0x00000000000119f0                I_PrecacheSounds
                0x0000000000011a0c                I_InitMusic
                0x0000000000011a11                I_ShutdownMusic
                0x0000000000011a16                I_SetMusicVolume
                0x0000000000011a1b                I_PauseSong
                0x0000000000011a20                I_ResumeSong
                0x0000000000011a25                I_RegisterSong
                0x0000000000011a2c                I_UnRegisterSong
                0x0000000000011a31                I_PlaySong
                0x0000000000011a36                I_StopSong
                0x0000000000011a3b                I_MusicIsPlaying
                0x0000000000011a42                I_BindSoundVariables
 .text          0x0000000000011b06      0x594 build/i_system.o
                0x0000000000011b06                I_AtExit
                0x0000000000011b38                I_Tactile
                0x0000000000011b3d                I_PrintBanner
                0x0000000000011b7a                I_PrintDivider
                0x0000000000011b9d                I_PrintStartupBanner
                0x0000000000011bd0                I_ConsoleStdout
                0x0000000000011bd7                I_Quit
                0x0000000000011bf2                I_Error
                0x0000000000011e42                I_ZoneBase
                0x0000000000011ec6                I_GetMemoryValue
 .text          0x000000000001209a       0x70 build/i_timer.o
                0x000000000001209a                I_GetTicks
                0x00000000000120a5                I_GetTime
                0x00000000000120d4                I_GetTimeMS
                0x00000000000120f7                I_Sleep
                0x0000000000012100                I_WaitVBL
                0x0000000000012105                I_InitTimer
 .text          0x000000000001210a       0x9b build/m_argv.o
                0x000000000001210a                M_CheckParmWithArgs
                0x0000000000012158                M_CheckParm
                0x0000000000012160                M_ParmExists
                0x0000000000012174                M_FindResponseFile
                0x0000000000012179                M_GetExecutableName
 .text          0x00000000000121a5       0x45 build/m_bbox.o
                0x00000000000121a5                M_ClearBox
                0x00000000000121c4                M_AddToBox
 .text          0x00000000000121ea       0x99 build/m_cheat.o
                0x00000000000121ea                cht_CheckCheat
                0x000000000001226e                cht_GetParam
 .text          0x0000000000012283      0x3be build/m_config.o
                0x0000000000012376                M_SetConfigFilenames
                0x0000000000012389                M_SaveDefaults
                0x000000000001238e                M_SaveDefaultsAlternate
                0x0000000000012393                M_LoadDefaults
                0x000000000001246d                M_BindVariable
                0x0000000000012487                M_SetVariable
                0x0000000000012520                M_GetIntVariable
                0x000000000001254a                M_GetStrVariable
                0x0000000000012572                M_GetFloatVariable
                0x000000000001259a                M_SetConfigDir
                0x00000000000125e5                M_GetSaveGameDir
 .text          0x0000000000012641      0x974 build/m_controls.o
                0x0000000000012641                M_BindBaseControls
                0x0000000000012848                M_BindHereticControls
                0x00000000000128f9                M_BindHexenControls
                0x00000000000129d0                M_BindStrifeControls
                0x0000000000012b42                M_BindWeaponControls
                0x0000000000012c52                M_BindMapControls
                0x0000000000012d3c                M_BindMenuControls
                0x0000000000012f1d                M_BindChatControls
                0x0000000000012fb0                M_ApplyPlatformDefaults
 .text          0x0000000000012fb5       0x4c build/m_fixed.o
                0x0000000000012fb5                FixedMul
                0x0000000000012fcb                FixedDiv
 .text          0x0000000000013001     0x1c17 build/m_menu.o
                0x0000000000013001                M_ChangeMessages
                0x0000000000013050                M_DrawReadThis2
                0x000000000001307d                M_DrawMainMenu
                0x00000000000130a6                M_DrawNewGame
                0x00000000000130f2                M_DrawEpisode
                0x000000000001311b                M_LoadSelect
                0x0000000000013187                M_SaveSelect
                0x00000000000131e8                M_DrawReadThis1
                0x00000000000132b6                M_SfxVol
                0x00000000000132f1                M_MusicVol
                0x000000000001332c                M_ChangeDetail
                0x0000000000013394                M_SizeDisplay
                0x00000000000133ea                M_ChangeSensitivity
                0x0000000000013419                M_QuitResponse
                0x0000000000013471                M_QuickLoadResponse
                0x0000000000013497                M_VerifyNightmare
                0x00000000000134c9                M_EndGameResponse
                0x00000000000134f7                M_ReadSaveStrings
                0x00000000000135d8                M_DrawSaveLoadBorder
                0x000000000001365e                M_DoSave
                0x0000000000013699                M_QuickSaveResponse
                0x00000000000136bf                M_DrawThermo
                0x0000000000013783                M_DrawSound
                0x00000000000137ef                M_DrawOptions
                0x00000000000138ce                M_DrawEmptyCell
                0x0000000000013908                M_DrawSelCell
                0x0000000000013942                M_StartMessage
                0x000000000001397b                M_QuickLoad
                0x00000000000139f9                M_EndGame
                0x0000000000013a3e                M_QuitDOOM
                0x0000000000013ab0                M_ChooseSkill
                0x0000000000013af1                M_StopMessage
                0x0000000000013b0c                M_StringWidth
                0x0000000000013b6c                M_StringHeight
                0x0000000000013ba3                M_WriteText
                0x0000000000013c1d                M_DrawLoad
                0x0000000000013c8d                M_DrawSave
                0x0000000000013d47                M_StartControlPanel
                0x0000000000013d7a                M_Drawer
                0x0000000000013fb6                M_ClearMenus
                0x0000000000013fc5                M_SetupNextMenu
                0x0000000000013fdb                M_LoadGame
                0x000000000001400b                M_SaveGame
                0x0000000000014045                M_QuickSave
                0x00000000000140e1                M_Responder
                0x0000000000014a1d                M_Sound
                0x0000000000014a2d                M_NewGame
                0x0000000000014a78                M_Episode
                0x0000000000014ad5                M_Options
                0x0000000000014ae5                M_ReadThis
                0x0000000000014af5                M_FinishReadThis
                0x0000000000014b05                M_ReadThis2
                0x0000000000014b2e                M_Ticker
                0x0000000000014b59                M_Init
 .text          0x0000000000014c18      0x76b build/m_misc.o
                0x0000000000014c18                M_MakeDirectory
                0x0000000000014c26                M_FileExists
                0x0000000000014c5b                M_FileLength
                0x0000000000014c9f                M_WriteFile
                0x0000000000014ced                M_ReadFile
                0x0000000000014d95                M_StrToInt
                0x0000000000014e10                M_ExtractFileBase
                0x0000000000014e8e                M_ForceUppercase
                0x0000000000014eb8                M_StrCaseStr
                0x0000000000014f1f                M_StringDuplicate
                0x0000000000014f60                M_StringCopy
                0x0000000000014f95                M_StringReplace
                0x000000000001507c                M_StringConcat
                0x00000000000150b8                M_StringStartsWith
                0x00000000000150f8                M_StringEndsWith
                0x000000000001513e                M_StringJoin
                0x0000000000015273                M_TempFile
                0x0000000000015291                M_vsnprintf
                0x00000000000152d3                M_snprintf
 .text          0x0000000000015383       0x5b build/m_random.o
                0x0000000000015383                P_Random
                0x00000000000153a4                M_Random
                0x00000000000153c5                M_ClearRandom
 .text          0x00000000000153de      0x392 build/p_ceilng.o
                0x00000000000153de                P_AddActiveCeiling
                0x0000000000015403                P_RemoveActiveCeiling
                0x0000000000015446                T_MoveCeiling
                0x00000000000155a2                P_ActivateInStasisCeiling
                0x00000000000155ea                EV_DoCeiling
                0x000000000001571e                EV_CeilingCrushStop
 .text          0x0000000000015770      0x6c1 build/p_doors.o
                0x0000000000015770                T_VerticalDoor
                0x000000000001590b                EV_DoDoor
                0x0000000000015a91                EV_DoLockedDoor
                0x0000000000015b32                EV_VerticalDoor
                0x0000000000015d63                P_SpawnDoorCloseIn30
                0x0000000000015dbc                P_SpawnDoorRaiseIn5Mins
 .text          0x0000000000015e31     0x2108 build/p_enemy.o
                0x0000000000015e31                PIT_VileCheck
                0x0000000000015edd                P_RecursiveSound
                0x0000000000015f90                P_NoiseAlert
                0x0000000000015faf                P_CheckMeleeRange
                0x000000000001600c                P_CheckMissileRange
                0x00000000000160e6                P_Move
                0x0000000000016214                P_TryWalk
                0x000000000001623a                P_NewChaseDir
                0x0000000000016484                P_LookForPlayers
                0x00000000000165a3                A_KeenDie
                0x0000000000016632                A_Look
                0x00000000000166fc                A_Chase
                0x00000000000168f7                A_FaceTarget
                0x0000000000016951                A_PosAttack
                0x00000000000169d3                A_SPosAttack
                0x0000000000016a7b                A_CPosAttack
                0x0000000000016afd                A_CPosRefire
                0x0000000000016b4a                A_SpidRefire
                0x0000000000016b97                A_BspiAttack
                0x0000000000016bce                A_TroopAttack
                0x0000000000016c39                A_SargAttack
                0x0000000000016c86                A_HeadAttack
                0x0000000000016ce4                A_CyberAttack
                0x0000000000016d1b                A_BruisAttack
                0x0000000000016d7e                A_SkelMissile
                0x0000000000016dd4                A_Tracer
                0x0000000000016f42                A_SkelWhoosh
                0x0000000000016f72                A_SkelFist
                0x0000000000016fde                A_VileChase
                0x0000000000017163                A_VileStart
                0x0000000000017171                A_Fire
                0x0000000000017217                A_StartFire
                0x000000000001723c                A_FireCrackle
                0x0000000000017261                A_VileTarget
                0x00000000000172b7                A_VileAttack
                0x00000000000173ab                A_FatRaise
                0x00000000000173d0                A_FatAttack1
                0x000000000001746a                A_FatAttack2
                0x0000000000017504                A_FatAttack3
                0x00000000000175ea                A_SkullAttack
                0x000000000001769f                A_PainShootSkull
                0x00000000000177c5                A_PainAttack
                0x00000000000177f3                A_PainDie
                0x0000000000017833                A_Scream
                0x000000000001789a                A_XScream
                0x00000000000178a8                A_Pain
                0x00000000000178c0                A_Fall
                0x00000000000178cc                A_Explode
                0x00000000000178e1                A_BossDeath
                0x0000000000017ad5                A_Hoof
                0x0000000000017afa                A_Metal
                0x0000000000017b1f                A_BabyMetal
                0x0000000000017b44                A_OpenShotgun2
                0x0000000000017b55                A_LoadShotgun2
                0x0000000000017b66                A_CloseShotgun2
                0x0000000000017b90                A_BrainAwake
                0x0000000000017c03                A_BrainPain
                0x0000000000017c13                A_BrainScream
                0x0000000000017cbb                A_BrainExplode
                0x0000000000017d42                A_BrainDie
                0x0000000000017d4b                A_BrainSpit
                0x0000000000017ddf                A_SpawnFly
                0x0000000000017eed                A_SpawnSound
                0x0000000000017f12                A_PlayerScream
 .text          0x0000000000017f39      0x6c3 build/p_floor.o
                0x0000000000017f39                T_MovePlane
                0x000000000001806d                T_MoveFloor
                0x0000000000018105                EV_DoFloor
                0x0000000000018454                EV_BuildStairs
 .text          0x00000000000185fc      0xe2f build/p_inter.o
                0x00000000000185fc                P_GiveAmmo
                0x0000000000018735                P_GiveWeapon
                0x0000000000018844                P_GiveBody
                0x0000000000018875                P_GiveArmor
                0x000000000001888f                P_GiveCard
                0x00000000000188b2                P_GivePower
                0x0000000000018930                P_TouchSpecialThing
                0x0000000000018f49                P_KillMobj
                0x000000000001910e                P_DamageMobj
 .text          0x000000000001942b      0x3d1 build/p_lights.o
                0x000000000001942b                T_StrobeFlash
                0x000000000001945a                T_Glow
                0x00000000000194ab                T_FireFlicker
                0x00000000000194e7                T_LightFlash
                0x0000000000019528                P_SpawnFireFlicker
                0x0000000000019583                P_SpawnLightFlash
                0x00000000000195ee                P_SpawnStrobeFlash
                0x0000000000019676                EV_StartLightStrobing
                0x00000000000196ba                EV_TurnTagLightsOff
                0x000000000001972c                EV_LightTurnOn
                0x00000000000197a0                P_SpawnGlowingLight
 .text          0x00000000000197fc     0x1507 build/p_map.o
                0x00000000000197fc                PIT_CheckThing
                0x00000000000199c6                PTR_SlideTraverse
                0x0000000000019a7b                PTR_AimTraverse
                0x0000000000019be4                PTR_ShootTraverse
                0x0000000000019ea8                PTR_UseTraverse
                0x0000000000019f11                PIT_StompThing
                0x0000000000019f93                PIT_CheckLine
                0x000000000001a161                PIT_RadiusAttack
                0x000000000001a200                P_TeleportMove
                0x000000000001a377                P_CheckPosition
                0x000000000001a520                P_TryMove
                0x000000000001a681                P_ThingHeightClip
                0x000000000001a6dd                PIT_ChangeSector
                0x000000000001a7b9                P_HitSlideLine
                0x000000000001a89f                P_SlideMove
                0x000000000001aa8b                P_AimLineAttack
                0x000000000001ab3c                P_LineAttack
                0x000000000001abc0                P_UseLines
                0x000000000001ac0f                P_RadiusAttack
                0x000000000001aca8                P_ChangeSector
 .text          0x000000000001ad03      0xac7 build/p_maputl.o
                0x000000000001ada4                P_AproxDistance
                0x000000000001adc7                P_PointOnLineSide
                0x000000000001ae34                P_BoxOnLineSide
                0x000000000001aefc                P_PointOnDivlineSide
                0x000000000001af7b                P_MakeDivline
                0x000000000001af99                P_InterceptVector
                0x000000000001b013                PIT_AddLineIntercepts
                0x000000000001b15a                PIT_AddThingIntercepts
                0x000000000001b26a                P_LineOpening
                0x000000000001b2af                P_UnsetThingPosition
                0x000000000001b352                P_SetThingPosition
                0x000000000001b40c                P_BlockLinesIterator
                0x000000000001b48b                P_BlockThingsIterator
                0x000000000001b4e4                P_TraverseIntercepts
                0x000000000001b560                P_PathTraverse
 .text          0x000000000001b7ca     0x10f5 build/p_mobj.o
                0x000000000001b7ca                P_SpawnMobj
                0x000000000001b91a                P_RemoveMobj
                0x000000000001b9b2                P_SetMobjState
                0x000000000001ba38                P_ExplodeMissile
                0x000000000001babd                P_ZMovement
                0x000000000001bc45                P_XYMovement
                0x000000000001be8c                P_NightmareRespawn
                0x000000000001bfa7                P_MobjThinker
                0x000000000001c063                P_RespawnSpecials
                0x000000000001c193                P_SpawnPlayer
                0x000000000001c2d1                P_SpawnMapThing
                0x000000000001c4c6                P_SpawnPuff
                0x000000000001c55c                P_SpawnBlood
                0x000000000001c5fa                P_CheckMissileSpawn
                0x000000000001c65b                P_SubstNullMobj
                0x000000000001c68e                P_SpawnMissile
                0x000000000001c7a1                P_SpawnPlayerMissile
 .text          0x000000000001c8bf      0x459 build/p_plats.o
                0x000000000001c8bf                P_ActivateInStasis
                0x000000000001c901                EV_StopPlat
                0x000000000001c94a                P_AddActivePlat
                0x000000000001c97c                EV_DoPlat
                0x000000000001cb95                P_RemoveActivePlat
                0x000000000001cbe7                T_PlatRaise
 .text          0x000000000001cd18      0xc39 build/p_pspr.o
                0x000000000001cd36                P_SetPsprite
                0x000000000001cdeb                P_CalcSwing
                0x000000000001ce3b                P_BringUpWeapon
                0x000000000001cea0                P_CheckAmmo
                0x000000000001cffd                P_FireWeapon
                0x000000000001d045                P_DropWeapon
                0x000000000001d062                A_WeaponReady
                0x000000000001d177                A_ReFire
                0x000000000001d1aa                A_CheckReload
                0x000000000001d1b3                A_Lower
                0x000000000001d1f5                A_Raise
                0x000000000001d22c                A_GunFlash
                0x000000000001d261                A_Punch
                0x000000000001d30f                A_Saw
                0x000000000001d407                A_FireMissile
                0x000000000001d435                A_FireBFG
                0x000000000001d463                A_FirePlasma
                0x000000000001d4b5                P_BulletSlope
                0x000000000001d51e                P_GunShot
                0x000000000001d588                A_FirePistol
                0x000000000001d5f5                A_FireShotgun
                0x000000000001d665                A_FireShotgun2
                0x000000000001d741                A_FireCGun
                0x000000000001d7ee                A_Light0
                0x000000000001d7fd                A_Light1
                0x000000000001d80c                A_Light2
                0x000000000001d81b                A_BFGSpray
                0x000000000001d8b9                A_BFGsound
                0x000000000001d8ca                P_SetupPsprites
                0x000000000001d8f2                P_MovePsprites
 .text          0x000000000001d951     0x1794 build/p_saveg.o
                0x000000000001db95                P_TempSaveGameFile
                0x000000000001dbd3                P_SaveGameFile
                0x000000000001dc92                P_WriteSaveGameHeader
                0x000000000001dd9d                P_ReadSaveGameHeader
                0x000000000001deb7                P_ReadSaveGameEOF
                0x000000000001decb                P_WriteSaveGameEOF
                0x000000000001ded9                P_ArchivePlayers
                0x000000000001e14f                P_UnArchivePlayers
                0x000000000001e3e0                P_ArchiveWorld
                0x000000000001e4d5                P_UnArchiveWorld
                0x000000000001e5e2                P_ArchiveThinkers
                0x000000000001e7dd                P_UnArchiveThinkers
                0x000000000001ea8c                P_ArchiveSpecials
                0x000000000001ed0b                P_UnArchiveSpecials
 .text          0x000000000001f0e5      0xdc7 build/p_setup.o
                0x000000000001f0e5                P_LoadVertexes
                0x000000000001f159                GetSectorAtNullAddress
                0x000000000001f1ae                P_LoadSegs
                0x000000000001f2e9                P_LoadSubsectors
                0x000000000001f377                P_LoadSectors
                0x000000000001f456                P_LoadNodes
                0x000000000001f525                P_LoadThings
                0x000000000001f600                P_LoadLineDefs
                0x000000000001f778                P_LoadSideDefs
                0x000000000001f85e                P_LoadBlockMap
                0x000000000001f8f6                P_GroupLines
                0x000000000001fb65                P_SetupLevel
                0x000000000001fe90                P_Init
 .text          0x000000000001feac      0x457 build/p_sight.o
                0x000000000001feac                P_DivlineSide
                0x000000000001ff18                P_InterceptVector2
                0x000000000001ff92                P_CrossSubsector
                0x000000000002018a                P_CrossBSPNode
                0x0000000000020230                P_CheckSight
 .text          0x0000000000020303      0xdf4 build/p_spec.o
                0x0000000000020303                P_InitPicAnims
                0x00000000000203f9                getSide
                0x000000000002042b                getSector
                0x0000000000020461                twoSided
                0x0000000000020485                getNextSector
                0x000000000002049f                P_FindLowestFloorSurrounding
                0x00000000000204db                P_FindHighestFloorSurrounding
                0x000000000002051a                P_FindNextHighestFloor
                0x00000000000205e4                P_FindLowestCeilingSurrounding
                0x0000000000020624                P_FindHighestCeilingSurrounding
                0x0000000000020661                P_FindSectorFromLineTag
                0x0000000000020699                P_FindMinSurroundingLight
                0x00000000000206d7                P_CrossSpecialLine
                0x0000000000020a2e                P_ShootSpecialLine
                0x0000000000020a9d                P_PlayerInSpecialSector
                0x0000000000020b87                P_UpdateSpecials
                0x0000000000020cf3                EV_DoDonut
                0x0000000000020f41                P_SpawnSpecials
 .text          0x00000000000210f7      0x596 build/p_switch.o
                0x00000000000210f7                P_InitSwitchList
                0x000000000002119a                P_StartButton
                0x0000000000021211                P_ChangeSwitchTexture
                0x000000000002136c                P_UseSpecialLine
 .text          0x000000000002168d      0x18d build/p_telept.o
                0x000000000002168d                EV_Teleport
 .text          0x000000000002181a      0x133 build/p_tick.o
                0x000000000002181a                P_InitThinkers
                0x0000000000021834                P_AddThinker
                0x0000000000021859                P_RemoveThinker
                0x0000000000021866                P_AllocateThinker
                0x000000000002186b                P_RunThinkers
                0x00000000000218bb                P_Ticker
 .text          0x000000000002194d      0x4ac build/p_user.o
                0x000000000002194d                P_Thrust
                0x000000000002199a                P_CalcHeight
                0x0000000000021a9d                P_MovePlayer
                0x0000000000021b2d                P_DeathThink
                0x0000000000021bfd                P_PlayerThink
 .text          0x0000000000021df9      0x525 build/r_bsp.o
                0x0000000000021df9                R_ClearDrawSegs
                0x0000000000021e0c                R_ClipSolidWallSegment
                0x0000000000021efb                R_ClipPassWallSegment
                0x0000000000021f5a                R_ClearClipSegs
                0x0000000000021f8e                R_AddLine
                0x00000000000220a0                R_CheckBBox
                0x00000000000221c5                R_Subsector
                0x0000000000022290                R_RenderBSPNode
 .text          0x000000000002231e      0xe4c build/r_data.o
                0x000000000002231e                R_DrawColumnInCache
                0x0000000000022370                R_GenerateComposite
                0x0000000000022485                R_GenerateLookup
                0x000000000002264c                R_GetColumn
                0x00000000000226c1                R_InitTextures
                0x0000000000022c22                R_InitFlats
                0x0000000000022c8c                R_InitSpriteLumps
                0x0000000000022d88                R_InitColormaps
                0x0000000000022dae                R_InitData
                0x0000000000022de3                R_FlatNumForName
                0x0000000000022e50                R_CheckTextureNumForName
                0x0000000000022ea8                R_TextureNumForName
                0x0000000000022ed8                R_PrecacheLevel
 .text          0x000000000002316a      0xba5 build/r_draw.o
                0x000000000002316a                R_DrawColumn
                0x0000000000023223                R_DrawColumnLow
                0x00000000000232fb                R_DrawFuzzColumn
                0x00000000000233e0                R_DrawFuzzColumnLow
                0x00000000000234ff                R_DrawTranslatedColumn
                0x00000000000235c3                R_DrawTranslatedColumnLow
                0x00000000000236c6                R_InitTranslationTables
                0x0000000000023757                R_DrawSpan
                0x0000000000023839                R_DrawSpanLow
                0x0000000000023948                R_InitBuffer
                0x00000000000239bc                R_FillBackScreen
                0x0000000000023c3a                R_VideoErase
                0x0000000000023c62                R_DrawViewBorder
 .text          0x0000000000023d0f      0x981 build/r_main.o
                0x0000000000023d0f                R_AddPointToBox
                0x0000000000023d32                R_PointOnSide
                0x0000000000023da5                R_PointOnSegSide
                0x0000000000023e2f                R_PointToAngle
                0x0000000000023f3a                R_PointToAngle2
                0x0000000000023f5b                R_PointToDist
                0x0000000000023fc4                R_InitPointToAngle
                0x0000000000023fc9                R_ScaleFromGlobalAngle
                0x000000000002404f                R_InitTables
                0x0000000000024054                R_InitTextureMapping
                0x000000000002417a                R_InitLightTables
                0x0000000000024205                R_SetViewSize
                0x0000000000024220                R_ExecuteSetViewSize
                0x0000000000024493                R_Init
                0x000000000002451b                R_PointInSubsector
                0x000000000002457c                R_SetupFrame
                0x0000000000024645                R_RenderPlayerView
 .text          0x0000000000024690      0x67d build/r_plane.o
                0x0000000000024690                R_InitPlanes
                0x0000000000024695                R_MapPlane
                0x000000000002483b                R_ClearPlanes
                0x00000000000248f5                R_FindPlane
                0x00000000000249a5                R_CheckPlane
                0x0000000000024a28                R_MakeSpans
                0x0000000000024add                R_DrawPlanes
 .text          0x0000000000024d0d      0xdb3 build/r_segs.o
                0x0000000000024d0d                R_RenderMaskedSegRange
                0x0000000000024f28                R_RenderSegLoop
                0x0000000000025235                R_StoreWallRange
 .text          0x0000000000025ac0        0xf build/r_sky.o
                0x0000000000025ac0                R_InitSkyMap
 .text          0x0000000000025acf      0xf62 build/r_things.o
                0x0000000000025acf                R_InstallSpriteLump
                0x0000000000025c2b                R_InitSpriteDefs
                0x0000000000025e8c                R_InitSprites
                0x0000000000025eae                R_ClearSprites
                0x0000000000025ec1                R_NewVisSprite
                0x0000000000025eec                R_DrawMaskedColumn
                0x0000000000025fb7                R_DrawVisSprite
                0x00000000000260e0                R_ProjectSprite
                0x0000000000026380                R_AddSprites
                0x00000000000263ea                R_DrawPSprite
                0x00000000000265ea                R_DrawPlayerSprites
                0x0000000000026688                R_SortVisSprites
                0x000000000002679d                R_DrawSprite
                0x00000000000269ad                R_DrawMasked
 .text          0x0000000000026a31     0x1552 build/sha1.o
                0x0000000000027cfe                SHA1_Init
                0x0000000000027d2e                SHA1_Update
                0x0000000000027e0c                SHA1_Final
                0x0000000000027f0b                SHA1_UpdateInt32
                0x0000000000027f52                SHA1_UpdateString
 .text          0x0000000000027f83       0x53 build/statdump.o
                0x0000000000027f83                StatCopy
                0x0000000000027fd1                StatDump
 .text          0x0000000000027fd6      0x3bf build/st_lib.o
                0x0000000000027fd6                STlib_init
                0x0000000000027ff5                STlib_initNum
                0x0000000000028019                STlib_drawNum
                0x0000000000028161                STlib_updateNum
                0x0000000000028174                STlib_initPercent
                0x000000000002819b                STlib_updatePercent
                0x00000000000281d0                STlib_initMultIcon
                0x00000000000281ed                STlib_updateMultIcon
                0x00000000000282bf                STlib_initBinIcon
                0x00000000000282dc                STlib_updateBinIcon
 .text          0x0000000000028395     0x1490 build/st_stuff.o
                0x00000000000286e5                ST_refreshBackground
                0x000000000002875a                ST_Responder
                0x0000000000028c49                ST_calcPainOffset
                0x0000000000028c8c                ST_updateFaceWidget
                0x0000000000028f7d                ST_updateWidgets
                0x0000000000029072                ST_Ticker
                0x000000000002909f                ST_doPaletteStuff
                0x0000000000029165                ST_drawWidgets
                0x0000000000029278                ST_doRefresh
                0x0000000000029297                ST_diffDraw
                0x00000000000292a2                ST_Drawer
                0x00000000000292e7                ST_loadGraphics
                0x00000000000292f7                ST_loadData
                0x0000000000029311                ST_unloadGraphics
                0x0000000000029321                ST_unloadData
                0x0000000000029327                ST_initData
                0x00000000000293c4                ST_createWidgets
                0x00000000000297a5                ST_Stop
                0x00000000000297d8                ST_Start
                0x0000000000029801                ST_Init
 .text          0x0000000000029825      0x7cc build/s_sound.o
                0x0000000000029825                S_Shutdown
                0x000000000002996b                S_StopSound
                0x000000000002999f                S_StartSound
                0x0000000000029b98                S_PauseSound
                0x0000000000029bc2                S_ResumeSound
                0x0000000000029bec                S_UpdateSounds
                0x0000000000029ce2                S_SetMusicVolume
                0x0000000000029d06                S_SetSfxVolume
                0x0000000000029d2a                S_Init
                0x0000000000029dd2                S_MusicPlaying
                0x0000000000029ddb                S_StopMusic
                0x0000000000029e39                S_ChangeMusic
                0x0000000000029f36                S_Start
                0x0000000000029fe6                S_StartMusic
 .text          0x0000000000029ff1       0x2f build/tables.o
                0x0000000000029ff1                SlopeDiv
 .text          0x000000000002a020      0xc08 build/v_video.o
                0x000000000002a020                V_MarkRect
                0x000000000002a074                V_CopyRect
                0x000000000002a14b                V_SetPatchClipCallback
                0x000000000002a157                V_DrawPatch
                0x000000000002a25d                V_DrawPatchFlipped
                0x000000000002a359                V_DrawPatchDirect
                0x000000000002a362                V_DrawTLPatch
                0x000000000002a438                V_DrawXlaPatch
                0x000000000002a4fc                V_DrawAltTLPatch
                0x000000000002a5d2                V_DrawShadowedPatch
                0x000000000002a6d7                V_LoadTintTable
                0x000000000002a6f6                V_LoadXlaTable
                0x000000000002a715                V_DrawBlock
                0x000000000002a7a2                V_DrawFilledBox
                0x000000000002a7e1                V_DrawHorizLine
                0x000000000002a80a                V_DrawVertLine
                0x000000000002a83a                V_DrawBox
                0x000000000002a878                V_DrawRawScreen
                0x000000000002a88e                V_Init
                0x000000000002a893                V_UseBuffer
                0x000000000002a89f                V_RestoreBuffer
                0x000000000002a8b2                WritePCXfile
                0x000000000002a9bf                V_ScreenShot
                0x000000000002aa6c                V_DrawMouseSpeedBox
 .text          0x000000000002ac28     0x1de6 build/wi_stuff.o
                0x000000000002b094                WI_slamBackground
                0x000000000002b0a8                WI_Responder
                0x000000000002b0af                WI_drawLF
                0x000000000002b1ae                WI_drawEL
                0x000000000002b221                WI_drawOnLnode
                0x000000000002b2e5                WI_initAnimatedBack
                0x000000000002b399                WI_updateAnimatedBack
                0x000000000002b483                WI_drawAnimatedBack
                0x000000000002b4e9                WI_drawNum
                0x000000000002b5bc                WI_drawPercent
                0x000000000002b5fb                WI_drawTime
                0x000000000002b6b0                WI_initNoState
                0x000000000002b6d3                WI_updateNoState
                0x000000000002b6ed                WI_initShowNextLoc
                0x000000000002b714                WI_updateShowNextLoc
                0x000000000002b751                WI_drawShowNextLoc
                0x000000000002b80b                WI_drawNoState
                0x000000000002b81e                WI_fragSum
                0x000000000002b858                WI_initDeathmatchStats
                0x000000000002b8d4                WI_updateDeathmatchStats
                0x000000000002bae9                WI_drawDeathmatchStats
                0x000000000002bcf4                WI_initNetgameStats
                0x000000000002bdaa                WI_updateNetgameStats
                0x000000000002c11a                WI_drawNetgameStats
                0x000000000002c37b                WI_initStats
                0x000000000002c3de                WI_updateStats
                0x000000000002c66e                WI_drawStats
                0x000000000002c781                WI_checkForAccelerate
                0x000000000002c80c                WI_Ticker
                0x000000000002c88c                WI_loadData
                0x000000000002c908                WI_unloadData
                0x000000000002c918                WI_End
                0x000000000002c91e                WI_Drawer
                0x000000000002c961                WI_initVariables
                0x000000000002c9db                WI_Start
 .text          0x000000000002ca0e      0x13a build/w_checksum.o
                0x000000000002ca0e                W_Checksum
 .text          0x000000000002cb48       0x35 build/w_file.o
                0x000000000002cb48                W_OpenFile
                0x000000000002cb69                W_CloseFile
                0x000000000002cb73                W_Read
 .text          0x000000000002cb7d       0x85 build/w_main.o
                0x000000000002cb7d                W_ParseCommandLine
 .text          0x000000000002cc02      0x698 build/w_wad.o
                0x000000000002cc02                W_LumpNameHash
                0x000000000002cc40                W_AddFile
                0x000000000002ced3                W_NumLumps
                0x000000000002cede                W_CheckNumForName
                0x000000000002cf80                W_GetNumForName
                0x000000000002cfb0                W_LumpLength
                0x000000000002cfdf                W_ReadLump
                0x000000000002d050                W_CacheLumpNum
                0x000000000002d0f0                W_CacheLumpName
                0x000000000002d110                W_ReleaseLumpNum
                0x000000000002d163                W_ReleaseLumpName
                0x000000000002d172                W_GenerateHashTable
                0x000000000002d204                W_CheckCorrectIWAD
 .text          0x000000000002d29a      0x5f5 build/z_zone.o
                0x000000000002d29a                Z_ClearZone
                0x000000000002d2d5                Z_Init
                0x000000000002d352                Z_Free
                0x000000000002d403                Z_Malloc
                0x000000000002d52a                Z_FreeTags
                0x000000000002d57e                Z_DumpHeap
                0x000000000002d66b                Z_FileDumpHeap
                0x000000000002d73c                Z_CheckHeap
                0x000000000002d7be                Z_ChangeTag2
                0x000000000002d81c                Z_ChangeUser
                0x000000000002d84c                Z_FreeMemory
                0x000000000002d881                Z_ZoneSize
 .text          0x000000000002d88f       0xac build/w_file_stdc.o
                0x000000000002d88f                W_StdC_Read
 .text          0x000000000002d93b       0xfb build/i_input.o
                0x000000000002d93b                I_GetEvent
                0x000000000002da31                I_InitInput
 .text          0x000000000002da36      0x487 build/i_video.o
                0x000000000002da36                cmap_to_rgb565
                0x000000000002da97                cmap_to_fb
                0x000000000002db51                I_InitGraphics
                0x000000000002dcf7                I_ShutdownGraphics
                0x000000000002dd07                I_StartFrame
                0x000000000002dd0c                I_StartTic
                0x000000000002dd15                I_UpdateNoBlit
                0x000000000002dd1a                I_FinishUpdate
                0x000000000002ddc5                I_ReadScreen
                0x000000000002ddd8                I_SetPalette
                0x000000000002de39                I_GetPaletteIndex
                0x000000000002de8c                I_BeginRead
                0x000000000002de91                I_EndRead
                0x000000000002de96                I_SetWindowTitle
                0x000000000002de9f                I_GraphicsCheckCommandLine
                0x000000000002dea4                I_SetGrabMouseCallback
                0x000000000002dea9                I_EnableLoadingDisk
                0x000000000002deae                I_BindVideoVariables
                0x000000000002deb3                I_DisplayFPSDots
                0x000000000002deb8                I_CheckIsScreensaver
 .text          0x000000000002debd       0x35 build/doomgeneric.o
                0x000000000002debd                doomgeneric_Create
 .text          0x000000000002def2      0x410 build/doomgeneric_xlib.o
                0x000000000002dfa8                DG_Init
                0x000000000002e12d                DG_DrawFrame
                0x000000000002e212                DG_SleepMs
                0x000000000002e221                DG_GetTicksMs
                0x000000000002e279                DG_GetKey
                0x000000000002e2bd                DG_SetWindowTitle
 *(.gnu.warning)

.fini           0x000000000002e304        0xd
 *(SORT_NONE(.fini))
 .fini          0x000000000002e304        0x8 /usr/lib/gcc/x86_64-linux-gnu/11/../../../x86_64-linux-gnu/crti.o
                0x000000000002e304                _fini
 .fini          0x000000000002e30c        0x5 /usr/lib/gcc/x86_64-linux-gnu/11/../../../x86_64-linux-gnu/crtn.o
                [!provide]                        PROVIDE (__etext = .)
                [!provide]                        PROVIDE (_etext = .)
                [!provide]                        PROVIDE (etext = .)
                0x000000000002f000                . = ALIGN (CONSTANT (MAXPAGESIZE))
                0x000000000002f000                . = SEGMENT_START ("rodata-segment", (ALIGN (CONSTANT (MAXPAGESIZE)) + (. & (CONSTANT (MAXPAGESIZE) - 0x1))))

.rodata         0x000000000002f000    0x183db
 *(.rodata .rodata.* .gnu.linkonce.r.*)
 .rodata.str1.1
                0x000000000002f000       0x67 build/am_map.o
 *fill*         0x000000000002f067       0x19 
 .rodata        0x000000000002f080       0x40 build/am_map.o
 .rodata.str1.1
                0x000000000002f0c0      0x328 build/dstrings.o
 .rodata.str1.1
                0x000000000002f3e8      0x1b6 build/d_iwad.o
                                        0x1d3 (size before relaxing)
 .rodata.str1.1
                0x000000000002f59e       0x6e build/d_loop.o
 .rodata.str1.1
                0x000000000002f60c      0x947 build/d_main.o
                                        0x995 (size before relaxing)
 *fill*         0x000000000002ff53        0xd 
 .rodata        0x000000000002ff60       0xd8 build/d_main.o
 .rodata.str1.1
                0x0000000000030038       0x1a build/d_mode.o
                                         0x3c (size before relaxing)
 *fill*         0x0000000000030052        0xe 
 .rodata        0x0000000000030060      0x170 build/d_mode.o
 .rodata.str1.1
                0x00000000000301d0      0x155 build/d_net.o
                                        0x16d (size before relaxing)
 .rodata.str1.1
                0x0000000000030325     0x1ef5 build/f_finale.o
                                       0x1f08 (size before relaxing)
 .rodata.str1.1
                0x000000000003221a      0x348 build/g_game.o
                                        0x369 (size before relaxing)
 *fill*         0x0000000000032562       0x1e 
 .rodata        0x0000000000032580       0x88 build/g_game.o
 .rodata.cst4   0x0000000000032608        0x4 build/g_game.o
 .rodata.str1.1
                0x000000000003260c      0xc0f build/hu_stuff.o
 .rodata.str1.1
                0x000000000003321b      0x2a3 build/info.o
                                        0x2b2 (size before relaxing)
 .rodata.str1.1
                0x00000000000334be       0xa7 build/i_joystick.o
 .rodata.str1.1
                0x0000000000033565       0x9e build/i_sound.o
                                         0x9f (size before relaxing)
 .rodata.str1.1
                0x0000000000033603      0x211 build/i_system.o
 *fill*         0x0000000000033814        0x4 
 .rodata        0x0000000000033818       0x2a build/i_system.o
 .rodata.str1.1
                0x0000000000033842      0xa6e build/m_config.o
                                        0xc1c (size before relaxing)
 *fill*         0x00000000000342b0       0x10 
 .rodata        0x00000000000342c0      0x200 build/m_config.o
 .rodata.str1.1
                0x00000000000344c0       0x16 build/m_controls.o
                                        0x630 (size before relaxing)
 .rodata.str1.1
                0x00000000000344d6      0x3f7 build/m_menu.o
                                        0x40f (size before relaxing)
 .rodata.str1.1
                0x00000000000348cd       0xde build/m_misc.o
                                         0xec (size before relaxing)
 *fill*         0x00000000000349ab       0x15 
 .rodata        0x00000000000349c0      0x100 build/m_random.o
 .rodata        0x0000000000034ac0       0x30 build/p_ceilng.o
 .rodata        0x0000000000034af0       0x40 build/p_doors.o
 .rodata.str1.1
                0x0000000000034b30      0x137 build/p_doors.o
 .rodata.str1.1
                0x0000000000034c67       0x3b build/p_enemy.o
 *fill*         0x0000000000034ca2        0x2 
 .rodata        0x0000000000034ca4       0x34 build/p_floor.o
 .rodata.str1.1
                0x0000000000034cd8      0x3d7 build/p_inter.o
 *fill*         0x00000000000350af        0x1 
 .rodata        0x00000000000350b0       0xb4 build/p_inter.o
 .rodata.str1.1
                0x0000000000035164       0x72 build/p_map.o
 .rodata.str1.1
                0x00000000000351d6       0x2d build/p_mobj.o
 .rodata.str1.1
                0x0000000000035203       0x45 build/p_plats.o
 .rodata        0x0000000000035248       0x14 build/p_plats.o
 *fill*         0x000000000003525c        0x4 
 .rodata.cst16  0x0000000000035260       0x80 build/p_pspr.o
 .rodata.str1.1
                0x00000000000352e0       0xc3 build/p_saveg.o
                                         0xe1 (size before relaxing)
 *fill*         0x00000000000353a3        0x1 
 .rodata        0x00000000000353a4       0x20 build/p_saveg.o
 .rodata.str1.1
                0x00000000000353c4       0x5a build/p_setup.o
 .rodata.str1.1
                0x000000000003541e       0x28 build/p_sight.o
 .rodata.str1.1
                0x0000000000035446      0x242 build/p_spec.o
 .rodata        0x0000000000035688      0x2a8 build/p_spec.o
 .rodata.str1.1
                0x0000000000035930       0x25 build/p_switch.o
 *fill*         0x0000000000035955        0x3 
 .rodata        0x0000000000035958      0x20c build/p_switch.o
 .rodata.str1.1
                0x0000000000035b64       0x23 build/r_bsp.o
 .rodata.str1.1
                0x0000000000035b87      0x120 build/r_data.o
                                        0x12e (size before relaxing)
 .rodata.str1.1
                0x0000000000035ca7       0xa6 build/r_draw.o
 .rodata.str1.1
                0x0000000000035d4d       0xa6 build/r_plane.o
 .rodata.str1.1
                0x0000000000035df3       0x20 build/r_segs.o
 .rodata.str1.1
                0x0000000000035e13      0x1d2 build/r_things.o
 .rodata.str1.1
                0x0000000000035fe5      0x186 build/sounds.o
                                        0x191 (size before relaxing)
 .rodata.str1.1
                0x000000000003616b        0xa build/statdump.o
 .rodata.str1.1
                0x000000000003616b       0x5b build/st_lib.o
 .rodata.str1.1
                0x00000000000361c6      0x1b1 build/st_stuff.o
                                        0x1b9 (size before relaxing)
 .rodata.str1.1
                0x0000000000036377       0x69 build/s_sound.o
 .rodata        0x00000000000363e0       0x24 build/s_sound.o
 *fill*         0x0000000000036404       0x1c 
 .rodata        0x0000000000036420    0x10520 build/tables.o
                0x0000000000036420                gammatable
                0x0000000000036920                tantoangle
                0x0000000000038940                finesine
                0x0000000000042940                finetangent
 .rodata.str1.1
                0x0000000000046940      0x100 build/v_video.o
                                        0x108 (size before relaxing)
 .rodata.cst4   0x0000000000046a40        0x4 build/v_video.o
 *fill*         0x0000000000046a44        0xc 
 .rodata.cst16  0x0000000000046a50       0x10 build/v_video.o
 .rodata.cst8   0x0000000000046a60        0x8 build/v_video.o
 .rodata.str1.1
                0x0000000000046a68       0xf9 build/wi_stuff.o
                                        0x10b (size before relaxing)
 *fill*         0x0000000000046b61       0x1f 
 .rodata        0x0000000000046b80      0x160 build/wi_stuff.o
 .rodata.str1.1
                0x0000000000046ce0        0x6 build/w_file.o
 .rodata.str1.1
                0x0000000000046ce6        0x6 build/w_main.o
                                         0x12 (size before relaxing)
 .rodata.str1.1
                0x0000000000046cec      0x1d2 build/w_wad.o
                                        0x1d6 (size before relaxing)
 .rodata.str1.1
                0x0000000000046ebe      0x323 build/z_zone.o
 .rodata.str1.1
                0x00000000000471e1        0x3 build/w_file_stdc.o
 *fill*         0x00000000000471e1       0x1f 
 .rodata        0x0000000000047200       0x80 build/i_input.o
 .rodata.cst16  0x0000000000047280       0x10 build/i_input.o
 .rodata.str1.1
                0x0000000000047280      0x15b build/i_video.o

.rodata1
 *(.rodata1)

.eh_frame_hdr   0x00000000000473dc     0x1a94
 *(.eh_frame_hdr)
 .eh_frame_hdr  0x00000000000473dc     0x1a94 /usr/lib/gcc/x86_64-linux-gnu/11/../../../x86_64-linux-gnu/Scrt1.o
                0x00000000000473dc                __GNU_EH_FRAME_HDR
 *(.eh_frame_entry .eh_frame_entry.*)

.eh_frame       0x0000000000048e70     0x7dc4
 *(.eh_frame)
 .eh_frame      0x0000000000048e70       0x30 /usr/lib/gcc/x86_64-linux-gnu/11/../../../x86_64-linux-gnu/Scrt1.o
                                         0x2c (size before relaxing)
 *fill*         0x0000000000048ea0        0x0 
 .eh_frame      0x0000000000048ea0       0x28 /usr/lib/gcc/x86_64-linux-gnu/11/../../../x86_64-linux-gnu/Scrt1.o
                                         0x40 (size before relaxing)
 .eh_frame      0x0000000000048ec8       0x18 /usr/lib/gcc/x86_64-linux-gnu/11/../../../x86_64-linux-gnu/Scrt1.o
                                         0x30 (size before relaxing)
 .eh_frame      0x0000000000048ee0       0x18 /usr/lib/gcc/x86_64-linux-gnu/11/../../../x86_64-linux-gnu/Scrt1.o
                                         0x30 (size before relaxing)
 .eh_frame      0x0000000000048ef8        0x0 build/dummy.o
                                         0x30 (size before relaxing)
 .eh_frame      0x0000000000048ef8      0x510 build/am_map.o
                                        0x528 (size before relaxing)
 .eh_frame      0x0000000000049408       0x28 build/d_event.o
                                         0x40 (size before relaxing)
 .eh_frame      0x0000000000049430      0x170 build/d_iwad.o
                                        0x188 (size before relaxing)
 .eh_frame      0x00000000000495a0      0x170 build/d_loop.o
                                        0x188 (size before relaxing)
 .eh_frame      0x0000000000049710      0x248 build/d_main.o
                                        0x260 (size before relaxing)
 .eh_frame      0x0000000000049958       0x78 build/d_mode.o
                                         0x90 (size before relaxing)
 .eh_frame      0x00000000000499d0       0x88 build/d_net.o
                                         0xa0 (size before relaxing)
 .eh_frame      0x0000000000049a58      0x1c8 build/f_finale.o
                                        0x1e0 (size before relaxing)
 .eh_frame      0x0000000000049c20      0x180 build/f_wipe.o
                                        0x198 (size before relaxing)
 .eh_frame      0x0000000000049da0      0x578 build/g_game.o
                                        0x590 (size before relaxing)
 .eh_frame      0x000000000004a318      0x228 build/hu_lib.o
                                        0x240 (size before relaxing)
 .eh_frame      0x000000000004a540      0x158 build/hu_stuff.o
                                        0x170 (size before relaxing)
 .eh_frame      0x000000000004a698        0x0 build/i_cdmus.o
                                         0xd0 (size before relaxing)
 .eh_frame      0x000000000004a698       0x18 build/i_endoom.o
                                         0x30 (size before relaxing)
 .eh_frame      0x000000000004a6b0       0x78 build/i_joystick.o
                                         0x90 (size before relaxing)
 .eh_frame      0x000000000004a728        0x0 build/i_scale.o
                                        0x470 (size before relaxing)
 .eh_frame      0x000000000004a728      0x1a8 build/i_sound.o
                                        0x1c0 (size before relaxing)
 .eh_frame      0x000000000004a8d0      0x178 build/i_system.o
                                        0x190 (size before relaxing)
 .eh_frame      0x000000000004aa48       0x80 build/i_timer.o
                                         0x98 (size before relaxing)
 .eh_frame      0x000000000004aac8        0x0 build/memio.o
                                        0x110 (size before relaxing)
 .eh_frame      0x000000000004aac8       0x98 build/m_argv.o
                                         0xb0 (size before relaxing)
 .eh_frame      0x000000000004ab60       0x28 build/m_bbox.o
                                         0x40 (size before relaxing)
 .eh_frame      0x000000000004ab88       0x40 build/m_cheat.o
                                         0x58 (size before relaxing)
 .eh_frame      0x000000000004abc8      0x198 build/m_config.o
                                        0x1b0 (size before relaxing)
 .eh_frame      0x000000000004ad60      0x108 build/m_controls.o
                                        0x120 (size before relaxing)
 .eh_frame      0x000000000004ae68       0x28 build/m_fixed.o
                                         0x40 (size before relaxing)
 .eh_frame      0x000000000004ae90      0x678 build/m_menu.o
                                        0x690 (size before relaxing)
 .eh_frame      0x000000000004b508      0x330 build/m_misc.o
                                        0x348 (size before relaxing)
 .eh_frame      0x000000000004b838       0x40 build/m_random.o
                                         0x58 (size before relaxing)
 .eh_frame      0x000000000004b878       0xe8 build/p_ceilng.o
                                        0x100 (size before relaxing)
 .eh_frame      0x000000000004b960      0x120 build/p_doors.o
                                        0x138 (size before relaxing)
 .eh_frame      0x000000000004ba80      0x9a0 build/p_enemy.o
                                        0x9b8 (size before relaxing)
 .eh_frame      0x000000000004c420      0x108 build/p_floor.o
                                        0x120 (size before relaxing)
 .eh_frame      0x000000000004c528      0x1b8 build/p_inter.o
                                        0x1d0 (size before relaxing)
 .eh_frame      0x000000000004c6e0      0x1b0 build/p_lights.o
                                        0x1c8 (size before relaxing)
 .eh_frame      0x000000000004c890      0x3f8 build/p_map.o
                                        0x410 (size before relaxing)
 .eh_frame      0x000000000004cc88      0x2d8 build/p_maputl.o
                                        0x2f0 (size before relaxing)
 .eh_frame      0x000000000004cf60      0x3a0 build/p_mobj.o
                                        0x3b8 (size before relaxing)
 .eh_frame      0x000000000004d300      0x100 build/p_plats.o
                                        0x118 (size before relaxing)
 .eh_frame      0x000000000004d400      0x440 build/p_pspr.o
                                        0x458 (size before relaxing)
 .eh_frame      0x000000000004d840      0x3d8 build/p_saveg.o
                                        0x3f0 (size before relaxing)
 .eh_frame      0x000000000004dc18      0x270 build/p_setup.o
                                        0x288 (size before relaxing)
 .eh_frame      0x000000000004de88       0xf8 build/p_sight.o
                                        0x110 (size before relaxing)
 .eh_frame      0x000000000004df80      0x2a0 build/p_spec.o
                                        0x2b8 (size before relaxing)
 .eh_frame      0x000000000004e220       0xc0 build/p_switch.o
                                         0xd8 (size before relaxing)
 .eh_frame      0x000000000004e2e0       0x48 build/p_telept.o
                                         0x60 (size before relaxing)
 .eh_frame      0x000000000004e328       0xa8 build/p_tick.o
                                         0xc0 (size before relaxing)
 .eh_frame      0x000000000004e3d0       0xb8 build/p_user.o
                                         0xd0 (size before relaxing)
 .eh_frame      0x000000000004e488      0x168 build/r_bsp.o
                                        0x180 (size before relaxing)
 .eh_frame      0x000000000004e5f0      0x258 build/r_data.o
                                        0x270 (size before relaxing)
 .eh_frame      0x000000000004e848      0x188 build/r_draw.o
                                        0x1a0 (size before relaxing)
 .eh_frame      0x000000000004e9d0      0x238 build/r_main.o
                                        0x250 (size before relaxing)
 .eh_frame      0x000000000004ec08      0x150 build/r_plane.o
                                        0x168 (size before relaxing)
 .eh_frame      0x000000000004ed58       0xd8 build/r_segs.o
                                         0xf0 (size before relaxing)
 .eh_frame      0x000000000004ee30       0x18 build/r_sky.o
                                         0x30 (size before relaxing)
 .eh_frame      0x000000000004ee48      0x298 build/r_things.o
                                        0x2b0 (size before relaxing)
 .eh_frame      0x000000000004f0e0      0x110 build/sha1.o
                                        0x128 (size before relaxing)
 .eh_frame      0x000000000004f1f0       0x30 build/statdump.o
                                         0x48 (size before relaxing)
 .eh_frame      0x000000000004f220      0x1c0 build/st_lib.o
                                        0x1d8 (size before relaxing)
 .eh_frame      0x000000000004f3e0      0x2f0 build/st_stuff.o
                                        0x308 (size before relaxing)
 .eh_frame      0x000000000004f6d0      0x228 build/s_sound.o
                                        0x240 (size before relaxing)
 .eh_frame      0x000000000004f8f8       0x18 build/tables.o
                                         0x30 (size before relaxing)
 .eh_frame      0x000000000004f910      0x3d0 build/v_video.o
                                        0x3e8 (size before relaxing)
 .eh_frame      0x000000000004fce0      0x668 build/wi_stuff.o
                                        0x680 (size before relaxing)
 .eh_frame      0x0000000000050348       0x50 build/w_checksum.o
                                         0x68 (size before relaxing)
 .eh_frame      0x0000000000050398       0x48 build/w_file.o
                                         0x60 (size before relaxing)
 .eh_frame      0x00000000000503e0       0x38 build/w_main.o
                                         0x50 (size before relaxing)
 .eh_frame      0x0000000000050418      0x230 build/w_wad.o
                                        0x248 (size before relaxing)
 .eh_frame      0x0000000000050648      0x1e8 build/z_zone.o
                                        0x200 (size before relaxing)
 .eh_frame      0x0000000000050830       0x70 build/w_file_stdc.o
                                         0x88 (size before relaxing)
 .eh_frame      0x00000000000508a0       0x38 build/i_input.o
                                         0x50 (size before relaxing)
 .eh_frame      0x00000000000508d8      0x208 build/i_video.o
                                        0x220 (size before relaxing)
 .eh_frame      0x0000000000050ae0       0x18 build/doomgeneric.o
                                         0x30 (size before relaxing)
 .eh_frame      0x0000000000050af8      0x138 build/doomgeneric_xlib.o
                                        0x150 (size before relaxing)
 .eh_frame      0x0000000000050c30        0x4 /usr/lib/gcc/x86_64-linux-gnu/11/crtendS.o
 *(.eh_frame.*)

.gcc_except_table
 *(.gcc_except_table .gcc_except_table.*)

.gnu_extab
 *(.gnu_extab*)

.exception_ranges
 *(.exception_ranges*)
                0x00000000000525d0                . = DATA_SEGMENT_ALIGN (CONSTANT (MAXPAGESIZE), CONSTANT (COMMONPAGESIZE))

.eh_frame
 *(.eh_frame)
 *(.eh_frame.*)

.gnu_extab
 *(.gnu_extab)

.gcc_except_table
 *(.gcc_except_table .gcc_except_table.*)

.exception_ranges
 *(.exception_ranges*)

.tdata          0x00000000000525d0        0x0
                [!provide]                        PROVIDE (__tdata_start = .)
 *(.tdata .tdata.* .gnu.linkonce.td.*)

.tbss
 *(.tbss .tbss.* .gnu.linkonce.tb.*)
 *(.tcommon)

.preinit_array  0x00000000000525d0        0x0
                [!provide]                        PROVIDE (__preinit_array_start = .)
 *(.preinit_array)
                [!provide]                        PROVIDE (__preinit_array_end = .)

.init_array     0x00000000000525d0        0x8
                [!provide]                        PROVIDE (__init_array_start = .)
 *(SORT_BY_INIT_PRIORITY(.init_array.*) SORT_BY_INIT_PRIORITY(.ctors.*))
 *(.init_array EXCLUDE_FILE(*crtend?.o *crtend.o *crtbegin?.o *crtbegin.o) .ctors)
 .init_array    0x00000000000525d0        0x8 /usr/lib/gcc/x86_64-linux-gnu/11/crtbeginS.o
                [!provide]                        PROVIDE (__init_array_end = .)

.fini_array     0x00000000000525d8        0x8
                [!provide]                        PROVIDE (__fini_array_start = .)
 *(SORT_BY_INIT_PRIORITY(.fini_array.*) SORT_BY_INIT_PRIORITY(.dtors.*))
 *(.fini_array EXCLUDE_FILE(*crtend?.o *crtend.o *crtbegin?.o *crtbegin.o) .dtors)
 .fini_array    0x00000000000525d8        0x8 /usr/lib/gcc/x86_64-linux-gnu/11/crtbeginS.o
                [!provide]                        PROVIDE (__fini_array_end = .)

.ctors
 *crtbegin.o(.ctors)
 *crtbegin?.o(.ctors)
 *(EXCLUDE_FILE(*crtend?.o *crtend.o) .ctors)
 *(SORT_BY_NAME(.ctors.*))
 *(.ctors)

.dtors
 *crtbegin.o(.dtors)
 *crtbegin?.o(.dtors)
 *(EXCLUDE_FILE(*crtend?.o *crtend.o) .dtors)
 *(SORT_BY_NAME(.dtors.*))
 *(.dtors)

.jcr
 *(.jcr)

.data.rel.ro    0x00000000000525e0      0x5c8
 *(.data.rel.ro.local* .gnu.linkonce.d.rel.ro.local.*)
 .data.rel.ro.local
                0x00000000000525e0      0x150 build/d_iwad.o
 *fill*         0x0000000000052730       0x10 
 .data.rel.ro.local
                0x0000000000052740      0x130 build/d_main.o
 *fill*         0x0000000000052870       0x10 
 .data.rel.ro.local
                0x0000000000052880       0x30 build/f_wipe.o
 .data.rel.ro.local
                0x00000000000528b0       0x20 build/m_menu.o
 *fill*         0x00000000000528d0       0x10 
 .data.rel.ro.local
                0x00000000000528e0       0x20 build/wi_stuff.o
 .data.rel.ro.local
                0x0000000000052900       0x40 build/w_wad.o
 *(.data.rel.ro .data.rel.ro.* .gnu.linkonce.d.rel.ro.*)
 .data.rel.ro   0x0000000000052940        0x0 /usr/lib/gcc/x86_64-linux-gnu/11/../../../x86_64-linux-gnu/Scrt1.o
 .data.rel.ro   0x0000000000052940       0x40 build/g_game.o
 .data.rel.ro   0x0000000000052980      0x228 build/p_maputl.o

.dynamic        0x0000000000052ba8      0x200
 *(.dynamic)
 .dynamic       0x0000000000052ba8      0x200 /usr/lib/gcc/x86_64-linux-gnu/11/../../../x86_64-linux-gnu/Scrt1.o
                0x0000000000052ba8                _DYNAMIC

.got            0x0000000000052da8      0x248
 *(.got.plt)
 .got.plt       0x0000000000052da8      0x1e8 /usr/lib/gcc/x86_64-linux-gnu/11/../../../x86_64-linux-gnu/Scrt1.o
                0x0000000000052da8                _GLOBAL_OFFSET_TABLE_
 *(.igot.plt)
 *(.got)
 .got           0x0000000000052f90       0x60 /usr/lib/gcc/x86_64-linux-gnu/11/../../../x86_64-linux-gnu/Scrt1.o
 *(.igot)
                0x0000000000053000                . = DATA_SEGMENT_RELRO_END (., 0x0)

.data           0x0000000000053000    0x13798
 *(.data .data.* .gnu.linkonce.d.*)
 .data.rel.local
                0x0000000000053000        0x8 /usr/lib/gcc/x86_64-linux-gnu/11/crtbeginS.o
                0x0000000000053000                __dso_handle
 *fill*         0x0000000000053008       0x18 
 .data          0x0000000000053020      0x2b0 build/am_map.o
                0x0000000000053080                cheat_amap
                0x00000000000530e0                thintriangle_guy
                0x0000000000053120                triangle_guy
                0x0000000000053160                cheat_player_arrow
                0x0000000000053260                player_arrow
 .data          0x00000000000532d0        0x8 build/doomstat.o
                0x00000000000532d0                gameversion
                0x00000000000532d4                gamemode
 *fill*         0x00000000000532d8        0x8 
 .data.rel.local
                0x00000000000532e0       0x80 build/dstrings.o
                0x00000000000532e0                doom2_endmsg
                0x0000000000053320                doom1_endmsg
 .data          0x0000000000053360       0xd8 build/d_items.o
                0x0000000000053360                weaponinfo
 .data          0x0000000000053438        0x4 build/d_loop.o
 .data          0x000000000005343c        0xc build/d_main.o